<?xml version="1.0" encoding="UTF-8"?>
<!DOCTYPE html PUBLIC "-//W3C//DTD XHTML 1.1//EN" "http://www.w3.org/TR/xhtml11/DTD/xhtml11.dtd">
<html xmlns="http://www.w3.org/1999/xhtml" xmlns:ops="http://www.idpf.org/2007/ops" xml:lang="ja">
<head>
  <meta http-equiv="Content-Type" content="text/html;charset=UTF-8" />
  <meta http-equiv="Content-Style-Type" content="text/css" />
  <link rel="stylesheet" type="text/css" href="main.css" />
  <meta name="generator" content="ReVIEW" />
  <title>無料より優れたもの</title>
</head>
<body>
<h1><span id="kobo.1.1"><a id="h1" />第1章　無料より優れたもの</span></h1>
<p class="flushright"><span id="kobo.2.1"><b>Better Than Free</b></span></p>
<p><span id="kobo.3.1">インターネットはコピー機である。いちばん根底のレベルでは、それを使う間の私たちの行動や文字や考えをすべてコピーしているのだ。インターネットのある場所から他の場所へメッセージを送ろうとすると、通信プロトコルに従って、その途中で何度かメッセージ全体をコピーすることになる。IT企業はこの絶え間ないコピーを促進する機器を売って大金を稼いでいる。コンピュータでひとたび生成されたデータの各ビットは、きっとどこかでコピーされる。デジタル経済はこのようにコピーの川を流れている。機械の時代の大量生産による複製と違って、これらのコピーは安いどころではない、タダなのである。</span></p>
<div class="image">
<img src="images/k12121626/copy-transmission1.jpg" alt="" />
</div>
<p><span id="kobo.4.1">デジタル通信ネットワークというものは、できるだけ摩擦なくコピーを流すことができるように作ってある。たしかにコピーはとても自由に流れるので、インターネットは超配送システムであると考えることができる。超伝導の電線を電気が流れ続けるのと同じように、ひとたびコピーができると、それはネットワークを通じて永遠に流れ続ける。私たちはこの証拠を実生活で見ることができる。コピーできる物がインターネットに触れると、それはコピーされる。そのコピーは決してなくならない。ひとたびインターネットに流れた物を消せないことは犬でも知っている。</span></p>
<p><span id="kobo.5.1">この超配送システムは私たちの経済や財産の基盤となっている。データやアイデアやメディアを即座に複製できるということは、経済の主要な部門、とくに輸出にかかわる部門を支えている。すなわち米国が競合優位性を持つ産業である。米国の富は、見境なくそして絶え間まなくコピーする非常に大きな装置の上に載っている。</span></p>
<p><span id="kobo.6.1">前回のラウンドまでは、この経済における財産は貴重なコピーを売ることで築かれていた。だから無料のコピーが自由に出回ると既存の秩序の土台を揺るがす。私たちの最善の努力を複製することが無料であるとしたら、私たちはどうやって前進すればよいのだろう？ 要するに、無料のコピーを売ってどうやってお金儲けをするのか？</span></p>
<p><span id="kobo.7.1">私にはその答えがある。簡単に言えば次のようなことである。</span></p>
<blockquote><p><span id="kobo.8.1">コピーが超大量にあれば、それは無価値になる。コピーが超大量にあれば、コピーできないものは貴重で価値のあるものになる。</span></p></blockquote>

<h2><span id="kobo.9.1"><a id="h1-1" />コピーが無料であれば、コピーできないものを売る必要がある。</span></h2>
<p><span id="kobo.10.1">さて、コピーできないものとは何か？</span></p>
<p><span id="kobo.11.1">コピーできない性質のものはいろいろある。たとえば「信頼」。信頼はコピーできない。買うこともできない。信頼は時間をかけて獲得するものである。それはダウンロードできない。でっち上げることも偽造することもできない。（とにかく、長期的には。）もし他のすべてが同じ条件ならば、あなたは信頼できる人を相手にするほうを選ぶだろう。だからコピーで飽和する世界の中で、信頼は価値の増大する無形資産なのである。</span></p>
<p><span id="kobo.12.1">信頼と同じように、コピーすることが難しい性質は他にもあって、このネットワーク経済において貴重な存在である。それを調べる良い方法は、生産者、製造者、創作者の目から見るのではなくユーザーの目で見ることであると私は考える。ユーザーの素朴な疑問から始めよう。無料で得られるものになぜお金を払うのか？ 何かのバージョンが無料で得られるのにあえてそれを買うとしたら何を購入しているのか？</span></p>
<p><span id="kobo.13.1">ネットワーク経済に関する私の研究によれば、無料でありうるものにお金を払うような無形の価値として、八つのカテゴリーがあると思われる。</span></p>
<p><span id="kobo.14.1">実際のところ、これらは無料よりも良いもの8個である。八つのコピーできない価値。私はこれを「生成力」と呼ぶ。生成力のある価値とは、発生させ、成長させ、培養し、育成しなければならない性質または特性である。生成力のあるものは、コピーしたり、でっち上げたり、模写したり、偽造したり、再生したりすることができない。その場所で、時間をかけて、ただ一つしか生成することができない。生成力のある性質は、デジタルの世界で無料のコピーに付加価値を与える。すなわち、それは売ることができるものなのだ。</span></p>

<h2><span id="kobo.15.1"><a id="h1-2" />無料より優れた八つの生成力</span></h2>
<p><span id="kobo.16.1"><strong>即時性</strong> -- 遅かれ早かれ、あなたは何でも欲しい物の無料コピーを見つけることができるだろう。しかし創作者がそれを発表した瞬間に、または、うまくいけば作った瞬間にあなたの受信箱にコピーが配送されてくるようなら、それは生成力のある資産である。多くの人は初日に映画館へ行って高いお金を払って映画を見ようとする。その映画は後になればレンタルやダウンロードによって、無料あるいはほとんど無料で見ることができるのに。ハードカバーの本には、ハードカバーという姿の即時性にプレミアが付いている。同じ品物でも最初の物には高い値がつくことがよくある。売れる性質としての即時性にはいろいろなレベルがある。たとえばベータ版が入手できるとか。ここではファンが生成力の過程に参加している。ベータ版は完全ではないのでたいていは価値が劣るのに、売ることができる生成力を持っている。即時性は相対的なものであり、だからこそ生成力がある。それは製品と消費者に適合しなければならない。ブログには映画や車とはまた違った時間の感覚がある。しかし即時性はどのようなメディアにも見受けられる。</span></p>
<p><span id="kobo.17.1"><strong>個人化</strong> -- コンサートを一般的な形で録音したものは無料だとしても、まさにあなたのリビングルームで完璧に聞こえるように調整を加えたコピー、つまりあなたの部屋で演奏しているかのように聞こえるものか欲しければ、たくさんのお金を払ってもいいと思うだろう。本の無料コピーのかわりに、あなたの今までの読書歴に応じて出版社が個別に編集してくれるものになるかもしれない。無料の映画にお金を払うとしたら、あなたが望む評価（暴力不可、汚い言葉OKとか）に応じて適切にカットしたものかもしれない。ふつうのアスピリンは無料でも、あなたのDNAに合わせて調整したアスピリンは非常に高価だろう。多くの人が言うように、個人化のためには創作者と消費者、芸術家とファン、製作者と使用者の間で継続的な対話が必要である。それは回数と時間がかかるので、たいへん生成力がある。人と人のつながりによる個人化はコピーできない。マーケティング専門家はこれを「粘着性」とよぶ。つながりの当事者たちはこの生成力のある資産に投資したことで結びついていて、乗り換えたりもう一度やり直そうとは思わないからである。</span></p>
<p><span id="kobo.18.1"><strong>解釈</strong> -- 古い冗談に「ソフトウエアはタダ、マニュアルは10,000ドル」というのがある。しかし冗談だとも言っていられない。レッドハットやアパッチその他いくつかの有名企業はまさにその通りのことをして稼いでいる。彼らは無料のソフトウエアに対する有料のサポートを提供する。単なるビットの集まりにすぎないコードのコピーは無料である。そしてそれはサポートと指導があって初めてあなたにとって有益なものになる。遺伝情報などは、この経路をたどると思う。今のところは自分のDNAのコピーを得ようとすれば多くのお金がかかるが、すぐにそうでなくなるだろう。実際に、あなたの遺伝子配列を得るためにお金を払おうという製薬会社がある。だから、あなたの遺伝子配列のコピーは無料であっても、それが何を意味するか、あなたが何をすべきか、それをどのように使うか、といった解釈をすること、いわばあなたの遺伝子のマニュアルは高価なのである。</span></p>
<p><span id="kobo.19.1"><strong>信憑性</strong> -- 重要なソフトウエアアプリケーションを無料で手に入れることは可能かもしれない。そして、もし仮にマニュアルは不要であったとしても、バグがなくて信用できて保証されていることを確認したいだろう。信憑性にお金を払うのだ。ロックバンド「グレートフル・デッド」の演奏はほとんど無限個と言っていいくらいあちこちに存在するだろう。なのにそのバンド自身から本物を買うということは、それがまさにあなたの欲しい物であること、すなわち、本当に「デッド」が演奏したものであることを保証する。芸術家たちは長年この問題を扱ってきた。写真や版画の複製は、その複製の価格を上げるために、作者による真正性の証印すなわち署名がついてくる。デジタル透かし等の署名技術はコピー防止の仕組みとしては機能しない。（コピーは超伝導という話、覚えてる？）しかし、関心がある人に対して信憑性という生成力のある性質を提供することはできる。</span></p>
<p><span id="kobo.20.1"><strong>アクセスしやすいこと</strong> -- 所有というのは厄介なものだ。持ち物を整頓したり更新したり、そしてデジタル素材の場合はバックアップしなければならない。このモバイルな世の中では、それを持ち歩かなければならない。私を含めて多くの人は、自分の「所有物」を誰かに頼んで面倒見てもらえたらうれしいと思っている。「アクメデジタル倉庫」にお金を払えば、世界の音楽をいつでもどこでも取り寄せることができる。そのほか、映画や写真も（自分のもの、他の写真家のもの）、本やブログについても同様。アクメは何でもバックアップして、創作者にお金を払い、私たちの欲しい物を届けてくれる。私たちはそれをどこからでも、電話で、PDAで、パソコンで、あるいは大画面テレビで取り出すことができる。これらの材料の大部分は無料で手に入れることができるのだが、それを自分で面倒見て、バックアップして、更新して、整理することを考えると、長期間保有するためには、無料ということにはますます魅力がなくなってくる。</span></p>
<p><span id="kobo.21.1"><strong>具体化</strong> -- 根本的にデジタルコピーには実体がない。ある作品の無料コピーを取ってきて、画面に映すことはできる。でも、それを高解像度の巨大画面で見たいとは思わないか？ もしかして3Dで？ PDFも良いけれど、同じ文章が白い綿のような紙に印刷されて、それを革で製本したものを読むのも素敵だ。とっても良い気分だ。あなたが好きな無料ゲームの中で、35人の他人と一緒に同じ部屋で住むのはいかがなものか。さらなる具体化には終わりはない。今は高解像度画面にひかれて大きな劇場へ足を運ぶかもしれないが、明日にはそれがあなたのホームシアターに導入されているかもしれない。しかしいつの時代にも、消費者が持っていないような新しくてめちゃくちゃすごい画像表示技術が出てくる可能性はある。レーザー投影、ホログラフィック表示、それにスタートレックの「ホロデッキ」とか！ そして、生演奏の音楽ほど実体を伴って具体化できるものは他にない。音楽は無料だが、生身の人間の演奏は高価である。この公式は音楽家だけでなく著述家にまで当てはまるようになりつつある。本は無料だが、生の講演は高価である、と。</span></p>
<p><span id="kobo.22.1"><strong>後援</strong> -- 視聴者は創作者にお金を払いたがっていると私は確信している。ファンは芸術家、音楽家、著述家などに対して、評価のしるしとしてご褒美をあげたい。それによってつながりができるからだ。ただしお金を払うのは、支払いが非常に容易で、手頃な値段で、しかもそのお金が創作者に直接恩恵を与えると思われる場合である。最近注目を集めたロックバンド「レディオヘッド」の実験では、ファンが無料コピーをもらうかわりに、彼らの欲しい物にお金を払ってあげるということで後援という力を実証した。理解のあるファンと芸術家との間の漠然としたとらえどころのないつながりは結構な価値があるものだ。「レディオヘッド」の場合はダウンロードごとに約5ドルだった。視聴者が満足感だけでお金を払う例は、他にもたくさんある。</span></p>
<p><span id="kobo.23.1"><strong>見つけやすいこと</strong> -- 前述の生成力のある性質は独創的なデジタル作品に内在しているのに対して、見つけやすいということは、多くの作品の集合体に対してもっと高いレベルで出現する資産である。価格がゼロであることが作品へ注意をひきつけるのに役立つわけではない。実際には時として妨げることさえある。値段がいくらであっても、作品は見られない限り価値がない。未発見の名作など無意味だ。何百万冊もの本、何百万曲の歌、映画、アプリケーションプログラムやら何やらが私たちの注意を惹きつけようとしていて、しかも大部分が無料である中で、見つけられるということには価値がある。</span></p>
<p><span id="kobo.24.1">アマゾンやネットフリックスのような巨大集積業者は、視聴者が好きな作品を見つける手助けをして商売しているような部分がある。彼らは「ロングテール現象」という良いニュースを生み出した。みんな知っているように、それはニッチな視聴者とニッチな作品を結びつける。ただし、残念ながらロングテールが良いニュースであるというのは、巨大集積業者のほか、出版社やスタジオ、レコードレーベルのような大規模な中間レベルの集積業者についてのみ言えることである。創作者自身にとっては、ロングテールなんてどうでもよいニュースだ。しかし見つけやすさを発揮するためにはそれなりのシステムが不可欠であり、創作者は集積業者を必要とする。だからこそ出版社やスタジオやレーベル(まとめてPSLと略す)は決して消滅しない。これらの業者はコピーを流通させるために必要なのではない。そんなことはインターネットでできる。むしろPSLの役割は、その逆にユーザーの注目を流通させて作品に集まるようにすることである。可能性の大海の中から、PSLはファンがつながりたいだろうと思われる創作者の作品を発見して、育成し、磨きをかける。批評家や評論家のような仲介者も注目を伝達する。ファンたちは、この見つけやすさのために用意された多段階の機構を利用して、無数の作品の中から価値あるものを発見する。才能を見つけ出すことによって（間接的には創作者に）お金が儲かる。紙の出版物「TVガイド」は何年もの間、そのガイド対象である三大テレビネットワークの収益を合わせた以上にお金を儲けてきた。この雑誌はその週に放映される良い番組を視聴者に案内し紹介する。番組には値段がない。視聴者にとっては無料である。このように無料の業界において、巨大集積業者のほかにも多くのPSLが、生成力のある性質やら見つけやすさを売って金もうけをしていることはまず間違いない。</span></p>
<p><span id="kobo.25.1">これら八つの性質は新しいスキルを必要とする。無料コピーの世界での成功は、流通に関するスキルからは生まれない。それは「空中の巨大コピー機」が面倒見てくれる。知的財産権や著作権にまつわる法的スキルもあまり役に立たない。秘蔵や希少性のためのスキルでもない。それよりもこれら新しい八つの生成力のために必要なのは、豊富さが共有という態度を生みだすこと、気前の良さがビジネスモデルとなること、マウスのクリックで複製できない価値の育成が不可欠であること、などに対する理解である。</span></p>
<p><span id="kobo.26.1">要するに、このネットワーク化された経済ではお金はコピーという経路を通らない。お金は注目という経路を通るのであり、注目は行きと帰りの双方向の経路を持っている。</span></p>
<p><span id="kobo.27.1">注意深い読者はここまでの議論で、一つ明らかな不足があることに気づいているだろう。私は広告について何も言わなかった。無料のパラドックスに対するほとんど唯一の解決策が広告であると広く考えられている。私が見る限り、無料を克服するために今まで提案された解決策のほとんどは、何らかの広告手段に関連している。広告は注目が通る経路の片方だけにすぎないと私は考える。長い目で見れば、それは、無料の物を売って金儲けをする新しい方法の一部でしかない。</span></p>
<p><span id="kobo.28.1">いや、それはそれとして。</span></p>
<p><span id="kobo.29.1">広告のつまらない皮の下で、これら八つの生成力はどこにでもある無料のコピーに価値を与え、それを広告するだけの値打ちがあるものにする。これらの生成力はすべてのデジタルコピーに適用できるが、それだけでなく、コピーのための限界費用がゼロに近づくようなコピーなら何でも適用できる。（私のエッセイ「技術は無料になりたがる」&quot;Technology Wants to Be Free&quot;を参照されたい。）素材産業でさえも複製のコストはゼロに近くなりつつある。したがって素材についても、デジタルコピーと同様になるだろう。地図はちょうど境界を超えたところだ。遺伝学はもうすぐ。機械類や小型機器（携帯電話など）もその方向へ向かうだろう。医薬品はすでにその位置にあるが、彼らはそのことを誰にも知られたくない。錠剤を作るのにコストはかからない。私たちは薬の信憑性と即時性にお金を払っている。やがては個人化にお金を払うようになるだろう。</span></p>
<p><span id="kobo.30.1">生成力を維持することは工場で複製を作るよりもずっと難しい。まだまだ学ぶべきこと、解明すべきことは多い。あなたが解明できたら、ぜひ私に知らせてほしい。</span></p>
<p><span id="kobo.31.1">(初出: <a href="http://memo7.sblo.jp/article/12121626.html" class="link">http://memo7.sblo.jp/article/12121626.html</a>)</span></p>
<p><span id="kobo.32.1">(原文: <a href="http://www.kk.org/thetechnium/archives/2008/01/better_than_fre.php" class="link">Better Than Free</a>)</span></p>
</body>
</html>
